<html>
<body>
<pre>
<h1>µVision Build Log</h1>
<h2>Tool Versions:</h2>
IDE-Version: •ÏVision V5.24.2.0
Copyright (C) 2017 ARM Ltd and ARM Germany GmbH. All rights reserved.
License Information: lee dong jun, kwangwoon univ, LIC=----
 
Tool Versions:
Toolchain:       MDK-Lite  Version: 5.24.1
Toolchain Path:  C:\Keil_v5\ARM\ARMCC\Bin
C Compiler:      Armcc.exe V5.06 update 5 (build 528)
Assembler:       Armasm.exe V5.06 update 5 (build 528)
Linker/Locator:  ArmLink.exe V5.06 update 5 (build 528)
Library Manager: ArmAr.exe V5.06 update 5 (build 528)
Hex Converter:   FromElf.exe V5.06 update 5 (build 528)
CPU DLL:         SARM.DLL V5.24.1
Dialog DLL:      DARMP3.DLL 
<h2>Project:</h2>
C:\Users\leedongjun\Documents\u_sam\project\project.uvproj
Project File Date:  11/27/2017

<h2>Output:</h2>
*** Using Compiler 'V5.06 update 5 (build 528)', folder: 'C:\Keil_v5\ARM\ARMCC\Bin'
Build target 'Target 1'
assembling project.s...
project.s(866): warning: A1865W: '#' not seen before constant expression
project.s(971): warning: A1865W: '#' not seen before constant expression
project.s(544): warning: A1608W: MOV pc,<rn> instruction used, but BX <rn> is preferred
project.s(547): warning: A1608W: MOV pc,<rn> instruction used, but BX <rn> is preferred
project.s(786): warning: A1608W: MOV pc,<rn> instruction used, but BX <rn> is preferred
project.s(792): warning: A1608W: MOV pc,<rn> instruction used, but BX <rn> is preferred
project.s(795): warning: A1608W: MOV pc,<rn> instruction used, but BX <rn> is preferred
project.s(844): warning: A1608W: MOV pc,<rn> instruction used, but BX <rn> is preferred
project.s(872): warning: A1608W: MOV pc,<rn> instruction used, but BX <rn> is preferred
project.s(880): warning: A1608W: MOV pc,<rn> instruction used, but BX <rn> is preferred
project.s(886): warning: A1608W: MOV pc,<rn> instruction used, but BX <rn> is preferred
project.s(890): warning: A1608W: MOV pc,<rn> instruction used, but BX <rn> is preferred
project.s(895): warning: A1608W: MOV pc,<rn> instruction used, but BX <rn> is preferred
project.s(902): warning: A1608W: MOV pc,<rn> instruction used, but BX <rn> is preferred
project.s(908): warning: A1608W: MOV pc,<rn> instruction used, but BX <rn> is preferred
project.s(916): warning: A1608W: MOV pc,<rn> instruction used, but BX <rn> is preferred
project.s(922): warning: A1608W: MOV pc,<rn> instruction used, but BX <rn> is preferred
project.s(930): warning: A1608W: MOV pc,<rn> instruction used, but BX <rn> is preferred
project.s(932): warning: A1608W: MOV pc,<rn> instruction used, but BX <rn> is preferred
project.s(940): warning: A1608W: MOV pc,<rn> instruction used, but BX <rn> is preferred
project.s(942): warning: A1608W: MOV pc,<rn> instruction used, but BX <rn> is preferred
project.s(948): warning: A1608W: MOV pc,<rn> instruction used, but BX <rn> is preferred
project.s(952): warning: A1608W: MOV pc,<rn> instruction used, but BX <rn> is preferred
project.s(957): warning: A1608W: MOV pc,<rn> instruction used, but BX <rn> is preferred
project.s(961): warning: A1608W: MOV pc,<rn> instruction used, but BX <rn> is preferred
project.s(963): warning: A1608W: MOV pc,<rn> instruction used, but BX <rn> is preferred
project.s(967): warning: A1608W: MOV pc,<rn> instruction used, but BX <rn> is preferred
project.s(972): warning: A1608W: MOV pc,<rn> instruction used, but BX <rn> is preferred
project.s(977): warning: A1608W: MOV pc,<rn> instruction used, but BX <rn> is preferred
linking...
Program Size: Code=3380 RO-data=0 RW-data=7200 ZI-data=0  
".\Objects\project.axf" - 0 Error(s), 29 Warning(s).
Build Time Elapsed:  00:00:00
</pre>
</body>
</html>
